// Jest Snapshot v1, https://goo.gl/fbAQLP

exports[`GiphyList component renders a list of GIFs 1`] = `
<DocumentFragment>
  <ul
    class="undefined"
    data-testid="gifs"
  />
</DocumentFragment>
`;
